// Jest Snapshot v1, https://goo.gl/fbAQLP

exports[`Repository List Rendering render with props  1`] = `ReactWrapper {}`;
