// Jest Snapshot v1, https://goo.gl/fbAQLP

exports[`Profile Rendering render with props  1`] = `ShallowWrapper {}`;
